Component: ARM Compiler 5.06 update 6 (build 750) Tool: armlink [4d35ed]

==============================================================================

Section Cross References



==============================================================================

Removing Unused input sections from the image.

    Removing example_1.o(i.CAL), (6 bytes).

1 unused section(s) (total 6 bytes) removed from the image.

==============================================================================

Image Symbol Table

    Local Symbols

    Symbol Name                              Value     Ov Type        Size  Object(Section)

    example.c                                0x00000000   Number         0  example_1.o ABSOLUTE
    example.s                                0x00000000   Number         0  example.o ABSOLUTE
    RESET                                    0x08000000   Section       20  example.o(RESET)
    $v0                                      0x08000000   Number         0  example.o(RESET)

    Global Symbols

    Symbol Name                              Value     Ov Type        Size  Object(Section)

    BuildAttributes$$THM_ISAv4$E$P$D$K$B$S$7EM$VFPi3$EXTD16$VFPS$VFMA$PE$A:L22UL41UL21$X:L11$S22US41US21$IEEE1$IW$USESV6$~STKCKD$USESV7$~SHL$OSPACE$EBA8$STANDARDLIB$REQ8$PRES8$EABIv2 0x00000000   Number         0  anon$$obj.o ABSOLUTE



==============================================================================

Memory Map of the image

  Image Entry point : 0x08000001

  Load Region LR_IROM1 (Base: 0x08000000, Size: 0x00000014, Max: 0x00100000, ABSOLUTE)

    Execution Region ER_IROM1 (Exec base: 0x08000000, Load base: 0x08000000, Size: 0x00000014, Max: 0x00100000, ABSOLUTE)

    Exec Addr    Load Addr    Size         Type   Attr      Idx    E Section Name        Object

    0x08000000   0x08000000   0x00000014   Code   RO            1  * RESET               example.o


    Execution Region RW_IRAM1 (Exec base: 0x20000000, Load base: 0x08000014, Size: 0x00000000, Max: 0x00020000, ABSOLUTE)

    **** No section assigned to this execution region ****


==============================================================================

Image component sizes


      Code (inc. data)   RO Data    RW Data    ZI Data      Debug   Object Name

        20          0          0          0          0        284   example.o

    ----------------------------------------------------------------------
        20          0          0          0          0        284   Object Totals
         0          0          0          0          0          0   (incl. Generated)
         0          0          0          0          0          0   (incl. Padding)

    ----------------------------------------------------------------------
         0          0          0          0          0          0   Library Totals
         0          0          0          0          0          0   (incl. Padding)

    ----------------------------------------------------------------------

==============================================================================


      Code (inc. data)   RO Data    RW Data    ZI Data      Debug   

        20          0          0          0          0        284   Grand Totals
        20          0          0          0          0        284   ELF Image Totals
        20          0          0          0          0          0   ROM Totals

==============================================================================

    Total RO  Size (Code + RO Data)                   20 (   0.02kB)
    Total RW  Size (RW Data + ZI Data)                 0 (   0.00kB)
    Total ROM Size (Code + RO Data + RW Data)         20 (   0.02kB)

==============================================================================

